Starting a Gradle Daemon, 1 incompatible Daemon could not be reused, use --status for details
> Task :clean
> Task :app:clean
> Task :app:preBuild UP-TO-DATE
> Task :app:preDebugBuild UP-TO-DATE
> Task :app:mergeDebugNativeDebugMetadata NO-SOURCE
> Task :app:checkKotlinGradlePluginConfigurationErrors
> Task :app:generateDebugResValues
> Task :app:checkDebugAarMetadata
> Task :app:mapDebugSourceSetPaths
> Task :app:generateDebugResources
> Task :app:packageDebugResources
> Task :app:createDebugCompatibleScreenManifests
> Task :app:extractDeepLinksDebug
> Task :app:mergeDebugResources
> Task :app:parseDebugLocalResources
> Task :app:processDebugMainManifest
> Task :app:processDebugManifest
> Task :app:mergeDebugShaders
> Task :app:javaPreCompileDebug
> Task :app:compileDebugShaders NO-SOURCE
> Task :app:generateDebugAssets UP-TO-DATE
> Task :app:mergeDebugAssets
> Task :app:desugarDebugFileDependencies
> Task :app:compressDebugAssets
> Task :app:mergeDebugStartupProfile UP-TO-DATE
> Task :app:mergeDebugJniLibFolders
> Task :app:mergeDebugNativeLibs NO-SOURCE
> Task :app:processDebugManifestForPackage
> Task :app:checkDebugDuplicateClasses
> Task :app:stripDebugDebugSymbols NO-SOURCE
> Task :app:mergeLibDexDebug
> Task :app:validateSigningDebug
> Task :app:writeDebugAppMetadata
> Task :app:writeDebugSigningConfigVersions
> Task :app:processDebugResources
> Task :app:kspDebugKotlin
> Task :app:mergeExtDexDebug
> Task :app:kaptGenerateStubsDebugKotlin

> Task :app:kaptDebugKotlin FAILED
.\gradlew.bat : C:\Users\CASPER\AndroidStudioProjects\tugis3\app\build\tmp\kapt3\stubs\debug\com\example\tugis3\service
\GnssService.java:9: error: duplicate class: com.example.tugis3.service.GnssService
At line:1 char:1
+ .\gradlew.bat clean assembleDebug > build_output.txt 2>&1
+ ~~~~~~~~~~~~~~~~~~~~~~~~~~~~~~~~~~~~~~~~~~~~~~~~~~~~~~~~~
    + CategoryInfo          : NotSpecified: (C:\Users\CASPER...ice.GnssService:String) [], RemoteException
    + FullyQualifiedErrorId : NativeCommandError
 
public final class GnssService extends android.app.Service {
             ^
C:\Users\CASPER\AndroidStudioProjects\tugis3\app\build\tmp\kapt3\stubs\debug\com\example\tugis3\service\NtripService.ja
va:9: error: duplicate class: com.example.tugis3.service.NtripService
public final class NtripService extends android.app.Service {
             ^
C:\Users\CASPER\AndroidStudioProjects\tugis3\app\build\tmp\kapt3\stubs\debug\com\example\tugis3\Tugis3Application.java:
8: error: duplicate class: com.example.tugis3.Tugis3Application
public final class Tugis3Application extends android.app.Application {
             ^
C:\Users\CASPER\AndroidStudioProjects\tugis3\app\build\tmp\kapt3\stubs\debug\com\example\tugis3\ui\device\DeviceCommuni
cationActivity.java:15: error: duplicate class: com.example.tugis3.ui.device.DeviceCommunicationActivity
public final class DeviceCommunicationActivity extends androidx.activity.ComponentActivity {
             ^
[WARN] 
Running non-incrementally because analyzing file:///C:/Users/CASPER/AndroidStudioProjects/tugis3/app/build/tmp/kapt3/stubs/debug/com/example/tugis3/service/GnssService.java failed.

[Incubating] Problems report is available at: file:///C:/Users/CASPER/AndroidStudioProjects/tugis3/build/reports/problems/problems-report.html

FAILURE: Build failed with an exception.

* What went wrong:
Execution failed for task ':app:kaptDebugKotlin'.
> A failure occurred while executing org.jetbrains.kotlin.gradle.internal.KaptWithoutKotlincTask$KaptExecutionWorkActio
n

* Try:
> Run with --stacktrace option to get the stack trace.
> Run with --info or --debug option to get more log output.
> Run with --scan to get full insights.
> Get more help at https://help.gradle.org.

Deprecated Gradle features were used in this build, making it incompatible with Gradle 9.0.

You can use '--warning-mode all' to show the individual deprecation warnings and determine if they come from your own scripts or plugins.

For more on this, please refer to https://docs.gradle.org/8.13/userguide/command_line_interface.html#sec:command_line_warnings in the Gradle documentation.

BUILD FAILED in 36s
32 actionable tasks: 31 executed, 1 up-to-date
